// Jest Snapshot v1, https://goo.gl/fbAQLP

exports[`NavLinks should match snapshot 1`] = `
.c0 {
  display: flex;
  flex-flow: row wrap;
}

.c1 {
  display: block;
  text-decoration: none;
  font-size: 1.6rem;
  padding: 1.6rem;
  color: #0A1128;
  position: relative;
}

.c1::after {
  content: '';
  display: block;
  position: absolute;
  bottom: 0.76rem;
  left: 50%;
  width: 0;
  height: 0.2rem;
  background-color: #DC143C;
  transition: all 0.3s ease-in-out;
}

.c1:hover::after {
  left: 25%;
  width: 50%;
}

@media (max-width:768px) {
  .c0 {
    flex-flow: column wrap;
    align-content: center;
  }
}

<nav
  aria-label="Main menu"
  class="c0"
>
  <a
    class="c1"
    href="#target1"
    target="_self"
  >
    Link 1
  </a>
  <a
    class="c1"
    href="#target2"
    target="_self"
  >
    Link 2
  </a>
  <a
    class="c1"
    href="#target3"
    target="_self"
  >
    Link 3
  </a>
  <a
    class="c1"
    href="#target4"
    target="_self"
  >
    Link 4
  </a>
  <a
    class="c1"
    href="#target5"
    target="_self"
  >
    Link 5
  </a>
  <a
    class="c1"
    href="#target6"
    target="_self"
  >
    Link 6
  </a>
</nav>
`;
